C:/Users/Public/Documents/Motor_Control/MOTOR_GO/ADVANCED_HUB_MOTOR/Src/main.c:480:13:startMediumFrequencyTask	8	static
C:/Users/Public/Documents/Motor_Control/MOTOR_GO/ADVANCED_HUB_MOTOR/Src/main.c:108:6:SystemClock_Config	88	static,ignoring_inline_asm
C:/Users/Public/Documents/Motor_Control/MOTOR_GO/ADVANCED_HUB_MOTOR/Src/main.c:61:5:main	120	static,ignoring_inline_asm
C:/Users/Public/Documents/Motor_Control/MOTOR_GO/ADVANCED_HUB_MOTOR/Src/main.c:499:6:HAL_TIM_PeriodElapsedCallback	0	static
C:/Users/Public/Documents/Motor_Control/MOTOR_GO/ADVANCED_HUB_MOTOR/Src/main.c:512:6:suspend_SystemTask	8	static
C:/Users/Public/Documents/Motor_Control/MOTOR_GO/ADVANCED_HUB_MOTOR/Src/main.c:522:6:Error_Handler	0	static,ignoring_inline_asm
