C:/Users/Public/Documents/Motor_Control/MOTOR_GO/ADVANCED_HUB_MOTOR/Src/motor_control_protocol.c:169:13:MCP_ReceivedFrame	72	static
C:/Users/Public/Documents/Motor_Control/MOTOR_GO/ADVANCED_HUB_MOTOR/Src/motor_control_protocol.c:141:13:MCP_WaitNextFrame	8	static
C:/Users/Public/Documents/Motor_Control/MOTOR_GO/ADVANCED_HUB_MOTOR/Src/motor_control_protocol.c:106:13:MCP_Init	24	static
C:/Users/Public/Documents/Motor_Control/MOTOR_GO/ADVANCED_HUB_MOTOR/Src/motor_control_protocol.c:131:13:MCP_OnTimeOut	8	static
C:/Users/Public/Documents/Motor_Control/MOTOR_GO/ADVANCED_HUB_MOTOR/Src/motor_control_protocol.c:156:13:MCP_SentFrame	8	static
C:/Users/Public/Documents/Motor_Control/MOTOR_GO/ADVANCED_HUB_MOTOR/Src/motor_control_protocol.c:839:13:MCP_SendOverrunMessage	16	static
C:/Users/Public/Documents/Motor_Control/MOTOR_GO/ADVANCED_HUB_MOTOR/Src/motor_control_protocol.c:850:13:MCP_SendTimeoutMessage	16	static
C:/Users/Public/Documents/Motor_Control/MOTOR_GO/ADVANCED_HUB_MOTOR/Src/motor_control_protocol.c:861:13:MCP_SendATRMessage	64	static
C:/Users/Public/Documents/Motor_Control/MOTOR_GO/ADVANCED_HUB_MOTOR/Src/motor_control_protocol.c:902:13:MCP_SendBadCRCMessage	16	static
