../POWER_CONTROL/POWER_CONTROL_LL.c:225:13:SYSTEM_STOP_RETRANSMISSION_TIMER	0	static
../POWER_CONTROL/POWER_CONTROL_LL.c:235:13:SYSTEM_STOP_TXLOSS_TIMER	0	static
../POWER_CONTROL/POWER_CONTROL_LL.c:126:13:SYSTEM_INDICATOR_OFF	8	static
../POWER_CONTROL/POWER_CONTROL_LL.c:112:13:SYSTEM_INDICATOR_ON	0	static
../POWER_CONTROL/POWER_CONTROL_LL.c:97:13:SYSTEM_POWER_ON	8	static
../POWER_CONTROL/POWER_CONTROL_LL.c:88:13:SYSTEM_BOOT	0	static
../POWER_CONTROL/POWER_CONTROL_LL.c:79:13:SYSTEM_POWER_OFF	8	static
../POWER_CONTROL/POWER_CONTROL_LL.c:192:13:SYSTEM_START_TXLOSS_TIMER	4	static
../POWER_CONTROL/POWER_CONTROL_LL.c:158:13:SYSTEM_START_RETRANSMISSION_TIMER	4	static
../POWER_CONTROL/POWER_CONTROL_LL.c:59:6:POWER_CONTROL_Init	8	static
../POWER_CONTROL/POWER_CONTROL_LL.c:67:6:POWER_CONTROL_TxConnect_Init	0	static
../POWER_CONTROL/POWER_CONTROL_LL.c:72:6:POWER_CONTROL_START_MONITORING	40	static
../POWER_CONTROL/POWER_CONTROL_LL.c:245:6:TIM3_IRQHandler	8	static
../POWER_CONTROL/POWER_CONTROL_LL.c:256:6:TIM4_IRQHandler	8	static
