../POWER_CONTROL/POWER_CONTROL.c:21:6:POWER_CONTROL_CONFG	0	static
../POWER_CONTROL/POWER_CONTROL.c:26:6:POWER_INDICATOR_CONFG	0	static
../POWER_CONTROL/POWER_CONTROL.c:31:6:POWER_RETRANSMIT_CTL_CONFG	0	static
../POWER_CONTROL/POWER_CONTROL.c:36:6:POWER_TXFAIL_CTL_CONFG	0	static
../POWER_CONTROL/POWER_CONTROL.c:41:6:POWER_SET_DEFAULT_STATE	0	static
../POWER_CONTROL/POWER_CONTROL.c:46:6:POWER_CHANGE_STATE	0	static
../POWER_CONTROL/POWER_CONTROL.c:51:6:Stop_RetransmissionTimer	0	static
../POWER_CONTROL/POWER_CONTROL.c:57:6:retransmissionTimerStart	0	static
../POWER_CONTROL/POWER_CONTROL.c:62:6:Stop_TxWaitTimer	0	static
../POWER_CONTROL/POWER_CONTROL.c:68:6:TxWaitTimerStart	0	static
../POWER_CONTROL/POWER_CONTROL.c:73:6:PacketLossCount	0	static
../POWER_CONTROL/POWER_CONTROL.c:78:6:FrameFailCount	0	static
../POWER_CONTROL/POWER_CONTROL.c:83:6:POWER_PACKET_ACK	0	static
../POWER_CONTROL/POWER_CONTROL.c:89:6:FrameSentACK	0	static
../POWER_CONTROL/POWER_CONTROL.c:95:6:POWER_PROTOCOL_CHECKSTATUS	8	static
../POWER_CONTROL/POWER_CONTROL.c:122:6:THROTTLE_FRAME_CHECKSTATUS	8	static
../POWER_CONTROL/POWER_CONTROL.c:148:6:POWER_SLEEP	0	static
../POWER_CONTROL/POWER_CONTROL.c:154:6:POWER_WAKEUP	0	static
../POWER_CONTROL/POWER_CONTROL.c:159:6:POWER_CTL_MONITORING	8	static
