../ESCOOTER/ESCOOTER_DRIVING.c:25:6:ESCOOTER_Safety_Limit_Setting	0	static
../ESCOOTER/ESCOOTER_DRIVING.c:30:6:ESCOOTER_saveStatus	0	static
../ESCOOTER/ESCOOTER_DRIVING.c:35:26:ESCOOTER_getStatus	0	static
../ESCOOTER/ESCOOTER_DRIVING.c:40:6:ESCOOTER_Set_Limit	0	static
../ESCOOTER/ESCOOTER_DRIVING.c:45:6:ESCOOTER_Set_PhysicalParam	4	static
../ESCOOTER/ESCOOTER_DRIVING.c:51:6:ESCOOTER_Get_Speed	0	static
../ESCOOTER/ESCOOTER_DRIVING.c:60:6:ESCOOTER_Get_PhaseCurrent	8	static
../ESCOOTER/ESCOOTER_DRIVING.c:68:6:ESCOOTER_Get_PhaseVoltage	8	static
../ESCOOTER/ESCOOTER_DRIVING.c:86:6:ESCOOTER_Driving_Start	24	static
../ESCOOTER/ESCOOTER_DRIVING.c:153:6:ESCOOTER_Driving_Stop	0	static
../ESCOOTER/ESCOOTER_DRIVING.c:158:6:MOTOR_BRAKE	8	static
