../ESCOOTER/ESCOOTER_DRIVING.c:24:6:ESCOOTER_Safety_Limit_Setting	0	static
../ESCOOTER/ESCOOTER_DRIVING.c:29:6:ESCOOTER_saveStatus	0	static
../ESCOOTER/ESCOOTER_DRIVING.c:34:26:ESCOOTER_getStatus	0	static
../ESCOOTER/ESCOOTER_DRIVING.c:39:6:ESCOOTER_Set_Limit	0	static
../ESCOOTER/ESCOOTER_DRIVING.c:44:6:ESCOOTER_Set_PhysicalParam	4	static
../ESCOOTER/ESCOOTER_DRIVING.c:50:6:ESCOOTER_Get_Speed	0	static
../ESCOOTER/ESCOOTER_DRIVING.c:59:6:ESCOOTER_Get_PhaseCurrent	8	static
../ESCOOTER/ESCOOTER_DRIVING.c:67:6:ESCOOTER_Get_PhaseVoltage	8	static
../ESCOOTER/ESCOOTER_DRIVING.c:74:6:ESCOOTER_Get_MotorState	0	static
../ESCOOTER/ESCOOTER_DRIVING.c:79:6:Speed_Cruise_Control	0	static
../ESCOOTER/ESCOOTER_DRIVING.c:93:6:ESCOOTER_Detect_Decelerate	0	static
../ESCOOTER/ESCOOTER_DRIVING.c:111:6:ESCOOTER_Driving_Start	16	static
../ESCOOTER/ESCOOTER_DRIVING.c:198:6:ESCOOTER_Driving_Stop	0	static
../ESCOOTER/ESCOOTER_DRIVING.c:204:6:MOTOR_BRAKE	0	static
../ESCOOTER/ESCOOTER_DRIVING.c:211:6:ESCOOTER_DrivingTaskControl	8	static
