../ESCOOTER/ESCOOTER_DRIVING.c:21:6:ESCOOTER_saveStatus	0	static
../ESCOOTER/ESCOOTER_DRIVING.c:26:26:ESCOOTER_getStatus	0	static
../ESCOOTER/ESCOOTER_DRIVING.c:31:6:ESCOOTER_Set_Limit	0	static
../ESCOOTER/ESCOOTER_DRIVING.c:36:6:ESCOOTER_Set_PhysicalParam	4	static
../ESCOOTER/ESCOOTER_DRIVING.c:42:6:ESCOOTER_Get_Speed	0	static
../ESCOOTER/ESCOOTER_DRIVING.c:49:6:ESCOOTER_Get_PhaseCurrent	8	static
../ESCOOTER/ESCOOTER_DRIVING.c:56:6:ESCOOTER_Get_PhaseVoltage	8	static
../ESCOOTER/ESCOOTER_DRIVING.c:63:6:ESCOOTER_Get_MotorState	0	static
../ESCOOTER/ESCOOTER_DRIVING.c:68:6:Speed_Cruise_Control	0	static
../ESCOOTER/ESCOOTER_DRIVING.c:77:6:ESCOOTER_Driving_Start	8	static
../ESCOOTER/ESCOOTER_DRIVING.c:91:6:ESCOOTER_Driving_Stop	0	static
../ESCOOTER/ESCOOTER_DRIVING.c:100:6:MOTOR_BRAKE	0	static
../ESCOOTER/ESCOOTER_DRIVING.c:107:6:ESCOOTER_DrivingTaskControl	8	static
