../ESCOOTER/ESCOOTER_MainTask.c:27:6:ESboot	8	static
../ESCOOTER/ESCOOTER_MainTask.c:51:6:ESCOOTER_DriveModeConfig	0	static
../ESCOOTER/ESCOOTER_MainTask.c:59:6:ESCOOTER_InputThrottleSignal	8	static
../ESCOOTER/ESCOOTER_MainTask.c:71:6:ESCOOTER_SendReportStatus	0	static
../ESCOOTER/ESCOOTER_MainTask.c:76:6:ESCOOTER_GetReportStatus	0	static
../ESCOOTER/ESCOOTER_MainTask.c:81:6:ESCOOTER_UpdateDrivingState	0	static
../ESCOOTER/ESCOOTER_MainTask.c:87:6:ESCOOTER_DRIVING_CONTROL	8	static
../ESCOOTER/ESCOOTER_MainTask.c:111:13:ESCOOTER_StateMachineHighFrequencyTask	8	static
../ESCOOTER/ESCOOTER_MainTask.c:127:6:ESCOOTER_ParameterMonitoring	24	static
../ESCOOTER/ESCOOTER_MainTask.c:146:6:ESCOOTER_Stop_Driving_Task	16	static
