../ESCOOTER/ESCOOTER_MainTask.c:28:6:ESboot	8	static
../ESCOOTER/ESCOOTER_MainTask.c:59:6:ESCOOTER_DriveModeConfig	0	static
../ESCOOTER/ESCOOTER_MainTask.c:67:6:ESCOOTER_InputThrottleSignal	8	static
../ESCOOTER/ESCOOTER_MainTask.c:82:6:ESCOOTER_InputBrakeSignal	8	static
../ESCOOTER/ESCOOTER_MainTask.c:92:6:ESCOOTER_DEBUG_CancelBrakeSignal	0	static
../ESCOOTER/ESCOOTER_MainTask.c:100:6:ESCOOTER_IsCarReady	0	static
../ESCOOTER/ESCOOTER_MainTask.c:113:6:ESCOOTER_SendReportStatus	0	static
../ESCOOTER/ESCOOTER_MainTask.c:118:6:ESCOOTER_GetReportStatus	0	static
../ESCOOTER/ESCOOTER_MainTask.c:123:6:ESCOOTER_UpdateDrivingState	0	static
../ESCOOTER/ESCOOTER_MainTask.c:130:6:ESCOOTER_DRIVING_CONTROL	8	static
../ESCOOTER/ESCOOTER_MainTask.c:160:13:ESCOOTER_StateMachineHighFrequencyTask	32	static
../ESCOOTER/ESCOOTER_MainTask.c:247:6:ESCOOTER_ParameterMonitoring	24	static
../ESCOOTER/ESCOOTER_MainTask.c:266:6:ESCOOTER_Stop_Driving_Task	8	static
