../ESCOOTER/ESCOOTER_DRIVING.c:21:6:ESCOOTER_saveStatus	0	static
../ESCOOTER/ESCOOTER_DRIVING.c:26:26:ESCOOTER_getStatus	0	static
../ESCOOTER/ESCOOTER_DRIVING.c:31:6:ESCOOTER_Set_Limit	0	static
../ESCOOTER/ESCOOTER_DRIVING.c:36:6:ESCOOTER_Set_PhysicalParam	4	static
../ESCOOTER/ESCOOTER_DRIVING.c:42:6:ESCOOTER_Get_Speed	0	static
../ESCOOTER/ESCOOTER_DRIVING.c:49:6:ESCOOTER_Get_PhaseCurrent	8	static
../ESCOOTER/ESCOOTER_DRIVING.c:56:6:ESCOOTER_Get_PhaseVoltage	8	static
../ESCOOTER/ESCOOTER_DRIVING.c:63:6:ESCOOTER_Get_MotorState	0	static
../ESCOOTER/ESCOOTER_DRIVING.c:68:6:Speed_Cruise_Control	0	static
../ESCOOTER/ESCOOTER_DRIVING.c:81:6:ESCOOTER_Driving_Start	24	static
../ESCOOTER/ESCOOTER_DRIVING.c:128:6:ESCOOTER_Driving_Stop	0	static
../ESCOOTER/ESCOOTER_DRIVING.c:137:6:MOTOR_BRAKE	0	static
../ESCOOTER/ESCOOTER_DRIVING.c:144:6:ESCOOTER_DrivingTaskControl	16	static
