../ESCOOTER/ESCOOTER_DRIVING.c:21:6:ESCOOTER_saveStatus	0	static
../ESCOOTER/ESCOOTER_DRIVING.c:26:26:ESCOOTER_getStatus	0	static
../ESCOOTER/ESCOOTER_DRIVING.c:31:6:ESCOOTER_Set_Limit	0	static
../ESCOOTER/ESCOOTER_DRIVING.c:36:6:ESCOOTER_Set_PhysicalParam	4	static
../ESCOOTER/ESCOOTER_DRIVING.c:42:6:ESCOOTER_Get_Speed	0	static
../ESCOOTER/ESCOOTER_DRIVING.c:50:6:ESCOOTER_Get_PhaseCurrent	8	static
../ESCOOTER/ESCOOTER_DRIVING.c:57:6:ESCOOTER_Get_PhaseVoltage	8	static
../ESCOOTER/ESCOOTER_DRIVING.c:64:6:ESCOOTER_Get_MotorState	0	static
../ESCOOTER/ESCOOTER_DRIVING.c:69:6:Speed_Cruise_Control	0	static
../ESCOOTER/ESCOOTER_DRIVING.c:83:6:ESCOOTER_Detect_Decelerate	0	static
../ESCOOTER/ESCOOTER_DRIVING.c:105:6:ESCOOTER_Driving_Start	8	static
../ESCOOTER/ESCOOTER_DRIVING.c:162:6:ESCOOTER_Driving_Stop	0	static
../ESCOOTER/ESCOOTER_DRIVING.c:171:6:MOTOR_BRAKE	0	static
../ESCOOTER/ESCOOTER_DRIVING.c:178:6:ESCOOTER_DrivingTaskControl	8	static
